

🔎 OK with age
{ "name" = "Bob";
  "age" = Some 42;
  "accept_tos" = true;
  "permissions" = ["r"] }

🔎 OK without age
{ "name" = "Bob";
  "age" = None;
  "accept_tos" = true;
  "permissions" = ["r"] }

🔎 Error without name
[name, error.required]

🔎 Error with too low age and empty name
[age, error.range; name, Must not be empty]

🔎 Error too many permissions
[permissions, error.length]

🔎 Error can't have permissions if not accept TOS
[permissions, error.length]

🔎 OK multiple nested values inside form
{ "item_count" = 2;
  "items" =
   [{ "id" = "def";
      "qty" = 10;
      "discount" = 25 };
    { "id" = "abc";
      "qty" = 1;
      "discount" = 0 }] }

🔎 Error missing required fields of nested values
[item[0].id, error.required; item[1].qty, error.required]

🔎 Indent CSRF tag correctly
200 OK
Content-Type: text/html; charset=utf-8
Set-Cookie: *****

<form method="post" action="/">
  <input value="token-value" name="dream.csrf" type="hidden">
  <input name="id">
  <button type="submit">Add</button>
</form>



🔎 Redirect
303 See Other
Location: /todos/abcd


