🔎 Root path
200 OK
Content-Type: text/html; charset=utf-8

ok

🔎 Parse a character
200 OK
Content-Type: text/html; charset=utf-8

z

🔎 Parse character at end of path
200 OK
Content-Type: text/html; charset=utf-8

a

🔎 Parse a hex integer
200 OK
Content-Type: text/html; charset=utf-8

4011

🔎 Parse an octal integer
200 OK
Content-Type: text/html; charset=utf-8

420

🔎 Parse number fail
Failure("int_of_string")

🔎 Path params of different types
200 OK
Content-Type: text/html; charset=utf-8

Account: yxzefac, version: 2

🔎 Route search with fallthrough
200 OK
Content-Type: text/html; charset=utf-8

Account: yxzefac, version: 2

🔎 Route not found
404 Not Found



🔎 Target with encoded Unicode character
200 OK
Content-Type: text/html; charset=utf-8

Account: 👍, version: 1

🔎 Empty target
404 Not Found



🔎 Rest param after /
200 OK
Content-Type: text/html; charset=utf-8

abc/def

🔎 Use middleware list
200 OK
Content-Type: text/html; charset=utf-8
X-Api-Version: 2

o1

